========== J.A.L.Z.A. E2E TEST REPORT ==========
[SUCCESS] STEP 1 - LOGIN: Logged in successfully (3683ms, fast (<5s))
[SUCCESS] STEP 2 - PERSONAL CHAT: Personal info: true. Gemini fallback: no (36ms, fast (<5s))
[SUCCESS] STEP 3 - WEB SEARCH: Weather response: yes (2076ms, fast (<5s))
[SUCCESS] STEP 4 - KNOWLEDGE AGENT: ADsun info: yes (1587ms, fast (<5s))
[SUCCESS] STEP 5 - CALENDAR: Calendar view: yes (2033ms, fast (<5s))
[SUCCESS] STEP 6 - EMAIL: Email view: yes (2038ms, fast (<5s))
================================================
